Archive member included to satisfy reference by file (symbol)

c:/st/stm32cubeide_1.3.0/stm32cubeide/plugins/com.st.stm32cube.ide.mcu.externaltools.gnu-tools-for-stm32.7-2018-q2-update.win32_1.0.0.201904181610/tools/bin/../lib/gcc/arm-none-eabi/7.3.1/../../../../arm-none-eabi/lib/thumb/v7-m\libc_nano.a(lib_a-errno.o)
                              Core/Src/syscalls.o (__errno)
c:/st/stm32cubeide_1.3.0/stm32cubeide/plugins/com.st.stm32cube.ide.mcu.externaltools.gnu-tools-for-stm32.7-2018-q2-update.win32_1.0.0.201904181610/tools/bin/../lib/gcc/arm-none-eabi/7.3.1/../../../../arm-none-eabi/lib/thumb/v7-m\libc_nano.a(lib_a-exit.o)
                              c:/st/stm32cubeide_1.3.0/stm32cubeide/plugins/com.st.stm32cube.ide.mcu.externaltools.gnu-tools-for-stm32.7-2018-q2-update.win32_1.0.0.201904181610/tools/bin/../lib/gcc/arm-none-eabi/7.3.1/../../../../arm-none-eabi/lib/thumb/v7-m/crt0.o (exit)
c:/st/stm32cubeide_1.3.0/stm32cubeide/plugins/com.st.stm32cube.ide.mcu.externaltools.gnu-tools-for-stm32.7-2018-q2-update.win32_1.0.0.201904181610/tools/bin/../lib/gcc/arm-none-eabi/7.3.1/../../../../arm-none-eabi/lib/thumb/v7-m\libc_nano.a(lib_a-impure.o)
                              c:/st/stm32cubeide_1.3.0/stm32cubeide/plugins/com.st.stm32cube.ide.mcu.externaltools.gnu-tools-for-stm32.7-2018-q2-update.win32_1.0.0.201904181610/tools/bin/../lib/gcc/arm-none-eabi/7.3.1/../../../../arm-none-eabi/lib/thumb/v7-m\libc_nano.a(lib_a-exit.o) (_global_impure_ptr)
c:/st/stm32cubeide_1.3.0/stm32cubeide/plugins/com.st.stm32cube.ide.mcu.externaltools.gnu-tools-for-stm32.7-2018-q2-update.win32_1.0.0.201904181610/tools/bin/../lib/gcc/arm-none-eabi/7.3.1/../../../../arm-none-eabi/lib/thumb/v7-m\libc_nano.a(lib_a-init.o)
                              c:/st/stm32cubeide_1.3.0/stm32cubeide/plugins/com.st.stm32cube.ide.mcu.externaltools.gnu-tools-for-stm32.7-2018-q2-update.win32_1.0.0.201904181610/tools/bin/../lib/gcc/arm-none-eabi/7.3.1/../../../../arm-none-eabi/lib/thumb/v7-m/crt0.o (__libc_init_array)
c:/st/stm32cubeide_1.3.0/stm32cubeide/plugins/com.st.stm32cube.ide.mcu.externaltools.gnu-tools-for-stm32.7-2018-q2-update.win32_1.0.0.201904181610/tools/bin/../lib/gcc/arm-none-eabi/7.3.1/../../../../arm-none-eabi/lib/thumb/v7-m\libc_nano.a(lib_a-memset.o)
                              c:/st/stm32cubeide_1.3.0/stm32cubeide/plugins/com.st.stm32cube.ide.mcu.externaltools.gnu-tools-for-stm32.7-2018-q2-update.win32_1.0.0.201904181610/tools/bin/../lib/gcc/arm-none-eabi/7.3.1/../../../../arm-none-eabi/lib/thumb/v7-m/crt0.o (memset)

Allocating common symbols
Common symbol       size              file

sliderInput         0x4               Core/Src/UserGeneral.o
hi2c1               0x54              Core/Src/main.o
tBall               0x5               Core/Src/tennisGame.o
accRes              0x1               Core/Src/UserGeneral.o
accRes2             0x1               Core/Src/UserGeneral.o
uwTick              0x4               Drivers/STM32F1xx_HAL_Driver/Src/stm32f1xx_hal.o
pFlash              0x20              Drivers/STM32F1xx_HAL_Driver/Src/stm32f1xx_hal_flash.o
bally               0x1               Core/Src/UserGeneral.o
hadc1               0x30              Core/Src/main.o
Maze4               0x10              Core/Src/mazeGame.o
Maze1               0x10              Core/Src/mazeGame.o
Maze3               0x10              Core/Src/mazeGame.o
huart2              0x40              Core/Src/main.o
ballx               0x1               Core/Src/UserGeneral.o
Maze2               0x10              Core/Src/mazeGame.o
court1              0x10              Core/Src/tennisGame.o

Discarded input sections

 .text          0x0000000000000000        0x0 c:/st/stm32cubeide_1.3.0/stm32cubeide/plugins/com.st.stm32cube.ide.mcu.externaltools.gnu-tools-for-stm32.7-2018-q2-update.win32_1.0.0.201904181610/tools/bin/../lib/gcc/arm-none-eabi/7.3.1/thumb/v7-m/crti.o
 .data          0x0000000000000000        0x0 c:/st/stm32cubeide_1.3.0/stm32cubeide/plugins/com.st.stm32cube.ide.mcu.externaltools.gnu-tools-for-stm32.7-2018-q2-update.win32_1.0.0.201904181610/tools/bin/../lib/gcc/arm-none-eabi/7.3.1/thumb/v7-m/crti.o
 .bss           0x0000000000000000        0x0 c:/st/stm32cubeide_1.3.0/stm32cubeide/plugins/com.st.stm32cube.ide.mcu.externaltools.gnu-tools-for-stm32.7-2018-q2-update.win32_1.0.0.201904181610/tools/bin/../lib/gcc/arm-none-eabi/7.3.1/thumb/v7-m/crti.o
 .data          0x0000000000000000        0x4 c:/st/stm32cubeide_1.3.0/stm32cubeide/plugins/com.st.stm32cube.ide.mcu.externaltools.gnu-tools-for-stm32.7-2018-q2-update.win32_1.0.0.201904181610/tools/bin/../lib/gcc/arm-none-eabi/7.3.1/thumb/v7-m/crtbegin.o
 .text          0x0000000000000000       0x74 c:/st/stm32cubeide_1.3.0/stm32cubeide/plugins/com.st.stm32cube.ide.mcu.externaltools.gnu-tools-for-stm32.7-2018-q2-update.win32_1.0.0.201904181610/tools/bin/../lib/gcc/arm-none-eabi/7.3.1/../../../../arm-none-eabi/lib/thumb/v7-m/crt0.o
[...]
Memory Configuration

Name             Origin             Length             Attributes
RAM              0x0000000020000000 0x0000000000005000 xrw
FLASH            0x0000000008000000 0x0000000000020000 xr
*default*        0x0000000000000000 0xffffffffffffffff

Linker script and memory map

LOAD c:/st/stm32cubeide_1.3.0/stm32cubeide/plugins/com.st.stm32cube.ide.mcu.externaltools.gnu-tools-for-stm32.7-2018-q2-update.win32_1.0.0.201904181610/tools/bin/../lib/gcc/arm-none-eabi/7.3.1/thumb/v7-m/crti.o
LOAD c:/st/stm32cubeide_1.3.0/stm32cubeide/plugins/com.st.stm32cube.ide.mcu.externaltools.gnu-tools-for-stm32.7-2018-q2-update.win32_1.0.0.201904181610/tools/bin/../lib/gcc/arm-none-eabi/7.3.1/thumb/v7-m/crtbegin.o
LOAD c:/st/stm32cubeide_1.3.0/stm32cubeide/plugins/com.st.stm32cube.ide.mcu.externaltools.gnu-tools-for-stm32.7-2018-q2-update.win32_1.0.0.201904181610/tools/bin/../lib/gcc/arm-none-eabi/7.3.1/../../../../arm-none-eabi/lib/thumb/v7-m/crt0.o
LOAD Core/Src/UserGeneral.o
LOAD Core/Src/main.o
LOAD Core/Src/mazeGame.o
LOAD Core/Src/mazeGameSelect.o
LOAD Core/Src/stm32f1xx_hal_msp.o
LOAD Core/Src/stm32f1xx_it.o
LOAD Core/Src/syscalls.o
LOAD Core/Src/sysmem.o
LOAD Core/Src/system_stm32f1xx.o
LOAD Core/Src/tennisGame.o
LOAD Core/Startup/startup_stm32f103rbtx.o
LOAD Drivers/STM32F1xx_HAL_Driver/Src/stm32f1xx_hal.o
LOAD Drivers/STM32F1xx_HAL_Driver/Src/stm32f1xx_hal_adc.o
LOAD Drivers/STM32F1xx_HAL_Driver/Src/stm32f1xx_hal_adc_ex.o
LOAD Drivers/STM32F1xx_HAL_Driver/Src/stm32f1xx_hal_cortex.o
LOAD Drivers/STM32F1xx_HAL_Driver/Src/stm32f1xx_hal_dma.o
LOAD Drivers/STM32F1xx_HAL_Driver/Src/stm32f1xx_hal_exti.o
LOAD Drivers/STM32F1xx_HAL_Driver/Src/stm32f1xx_hal_flash.o
LOAD Drivers/STM32F1xx_HAL_Driver/Src/stm32f1xx_hal_flash_ex.o
LOAD Drivers/STM32F1xx_HAL_Driver/Src/stm32f1xx_hal_gpio.o
LOAD Drivers/STM32F1xx_HAL_Driver/Src/stm32f1xx_hal_gpio_ex.o
LOAD Drivers/STM32F1xx_HAL_Driver/Src/stm32f1xx_hal_i2c.o
LOAD Drivers/STM32F1xx_HAL_Driver/Src/stm32f1xx_hal_pwr.o
LOAD Drivers/STM32F1xx_HAL_Driver/Src/stm32f1xx_hal_rcc.o
LOAD Drivers/STM32F1xx_HAL_Driver/Src/stm32f1xx_hal_rcc_ex.o
LOAD Drivers/STM32F1xx_HAL_Driver/Src/stm32f1xx_hal_tim.o
LOAD Drivers/STM32F1xx_HAL_Driver/Src/stm32f1xx_hal_tim_ex.o
LOAD Drivers/STM32F1xx_HAL_Driver/Src/stm32f1xx_hal_uart.o
START GROUP
LOAD c:/st/stm32cubeide_1.3.0/stm32cubeide/plugins/com.st.stm32cube.ide.mcu.externaltools.gnu-tools-for-stm32.7-2018-q2-update.win32_1.0.0.201904181610/tools/bin/../lib/gcc/arm-none-eabi/7.3.1/../../../../arm-none-eabi/lib/thumb/v7-m\libc_nano.a
LOAD c:/st/stm32cubeide_1.3.0/stm32cubeide/plugins/com.st.stm32cube.ide.mcu.externaltools.gnu-tools-for-stm32.7-2018-q2-update.win32_1.0.0.201904181610/tools/bin/../lib/gcc/arm-none-eabi/7.3.1/../../../../arm-none-eabi/lib/thumb/v7-m\libm.a
END GROUP
START GROUP
LOAD c:/st/stm32cubeide_1.3.0/stm32cubeide/plugins/com.st.stm32cube.ide.mcu.externaltools.gnu-tools-for-stm32.7-2018-q2-update.win32_1.0.0.201904181610/tools/bin/../lib/gcc/arm-none-eabi/7.3.1/thumb/v7-m\libgcc.a
LOAD c:/st/stm32cubeide_1.3.0/stm32cubeide/plugins/com.st.stm32cube.ide.mcu.externaltools.gnu-tools-for-stm32.7-2018-q2-update.win32_1.0.0.201904181610/tools/bin/../lib/gcc/arm-none-eabi/7.3.1/../../../../arm-none-eabi/lib/thumb/v7-m\libc_nano.a
END GROUP
START GROUP
LOAD c:/st/stm32cubeide_1.3.0/stm32cubeide/plugins/com.st.stm32cube.ide.mcu.externaltools.gnu-tools-for-stm32.7-2018-q2-update.win32_1.0.0.201904181610/tools/bin/../lib/gcc/arm-none-eabi/7.3.1/thumb/v7-m\libgcc.a
LOAD c:/st/stm32cubeide_1.3.0/stm32cubeide/plugins/com.st.stm32cube.ide.mcu.externaltools.gnu-tools-for-stm32.7-2018-q2-update.win32_1.0.0.201904181610/tools/bin/../lib/gcc/arm-none-eabi/7.3.1/../../../../arm-none-eabi/lib/thumb/v7-m\libc_nano.a
LOAD c:/st/stm32cubeide_1.3.0/stm32cubeide/plugins/com.st.stm32cube.ide.mcu.externaltools.gnu-tools-for-stm32.7-2018-q2-update.win32_1.0.0.201904181610/tools/bin/../lib/gcc/arm-none-eabi/7.3.1/../../../../arm-none-eabi/lib/thumb/v7-m\libnosys.a
END GROUP
START GROUP
LOAD c:/st/stm32cubeide_1.3.0/stm32cubeide/plugins/com.st.stm32cube.ide.mcu.externaltools.gnu-tools-for-stm32.7-2018-q2-update.win32_1.0.0.201904181610/tools/bin/../lib/gcc/arm-none-eabi/7.3.1/thumb/v7-m\libgcc.a
LOAD c:/st/stm32cubeide_1.3.0/stm32cubeide/plugins/com.st.stm32cube.ide.mcu.externaltools.gnu-tools-for-stm32.7-2018-q2-update.win32_1.0.0.201904181610/tools/bin/../lib/gcc/arm-none-eabi/7.3.1/../../../../arm-none-eabi/lib/thumb/v7-m\libc_nano.a
LOAD c:/st/stm32cubeide_1.3.0/stm32cubeide/plugins/com.st.stm32cube.ide.mcu.externaltools.gnu-tools-for-stm32.7-2018-q2-update.win32_1.0.0.201904181610/tools/bin/../lib/gcc/arm-none-eabi/7.3.1/../../../../arm-none-eabi/lib/thumb/v7-m\libnosys.a
END GROUP
LOAD c:/st/stm32cubeide_1.3.0/stm32cubeide/plugins/com.st.stm32cube.ide.mcu.externaltools.gnu-tools-for-stm32.7-2018-q2-update.win32_1.0.0.201904181610/tools/bin/../lib/gcc/arm-none-eabi/7.3.1/thumb/v7-m/crtend.o
LOAD c:/st/stm32cubeide_1.3.0/stm32cubeide/plugins/com.st.stm32cube.ide.mcu.externaltools.gnu-tools-for-stm32.7-2018-q2-update.win32_1.0.0.201904181610/tools/bin/../lib/gcc/arm-none-eabi/7.3.1/thumb/v7-m/crtn.o
                0x0000000020005000                _estack = (ORIGIN (RAM) + LENGTH (RAM))
                0x0000000000000200                _Min_Heap_Size = 0x200
                0x0000000000000400                _Min_Stack_Size = 0x400

.isr_vector     0x0000000008000000      0x10c
                0x0000000008000000                . = ALIGN (0x4)
 *(.isr_vector)
 .isr_vector    0x0000000008000000      0x10c Core/Startup/startup_stm32f103rbtx.o
                0x0000000008000000                g_pfnVectors
                0x000000000800010c                . = ALIGN (0x4)

.text           0x000000000800010c     0x5cf4
                0x000000000800010c                . = ALIGN (0x4)
 *(.text)
 .text          0x000000000800010c       0x40 c:/st/stm32cubeide_1.3.0/stm32cubeide/plugins/com.st.stm32cube.ide.mcu.externaltools.gnu-tools-for-stm32.7-2018-q2-update.win32_1.0.0.201904181610/tools/bin/../lib/gcc/arm-none-eabi/7.3.1/thumb/v7-m/crtbegin.o
 *(.text*)
 .text.start    0x000000000800014c        0xc Core/Src/UserGeneral.o
                0x000000000800014c                start
 .text.mainloop
                0x0000000008000158       0x58 Core/Src/UserGeneral.o
                0x0000000008000158                mainloop
 .text.updateButton
                0x00000000080001b0       0x48 Core/Src/UserGeneral.o
                0x00000000080001b0                updateButton
 .text.selectGame
                0x00000000080001f8       0x78 Core/Src/UserGeneral.o
                0x00000000080001f8                selectGame
 .text.state    0x0000000008000270       0x84 Core/Src/UserGeneral.o
                0x0000000008000270                state
 .text.lightUpCorners
                0x00000000080002f4       0x2c Core/Src/UserGeneral.o
                0x00000000080002f4                lightUpCorners
 .text.updateScreen
                0x0000000008000320      0x118 Core/Src/UserGeneral.o
                0x0000000008000320                updateScreen
 .text.HAL_SYSTICK_Callback
                0x0000000008000438       0xc0 Core/Src/UserGeneral.o
                0x0000000008000438                HAL_SYSTICK_Callback
 .text.calibrationSequence
                0x00000000080004f8      0x850 Core/Src/UserGeneral.o
                0x00000000080004f8                calibrationSequence
 .text.main     0x0000000008000d48       0x6c Core/Src/main.o
                0x0000000008000d48                main
 .text.SystemClock_Config
                0x0000000008000db4       0xa0 Core/Src/main.o
                0x0000000008000db4                SystemClock_Config
 .text.MX_ADC1_Init
                0x0000000008000e54       0x7c Core/Src/main.o
 .text.MX_I2C1_Init
                0x0000000008000ed0       0x5c Core/Src/main.o
 .text.MX_USART2_UART_Init
                0x0000000008000f2c       0x54 Core/Src/main.o
 .text.MX_GPIO_Init
                0x0000000008000f80      0x13c Core/Src/main.o
 .text.Error_Handler
                0x00000000080010bc        0xc Core/Src/main.o
                0x00000000080010bc                Error_Handler
 .text.mazeGameLoop
                0x00000000080010c8      0x114 Core/Src/mazeGame.o
                0x00000000080010c8                mazeGameLoop
 .text.MovePlayerIMU
                0x00000000080011dc       0xec Core/Src/mazeGame.o
                0x00000000080011dc                MovePlayerIMU
 .text.initialisePosition
                0x00000000080012c8       0x78 Core/Src/mazeGame.o
                0x00000000080012c8                initialisePosition
 .text.sendMazeUART
                0x0000000008001340       0xac Core/Src/mazeGame.o
                0x0000000008001340                sendMazeUART
 .text.resetElements
                0x00000000080013ec       0x6c Core/Src/mazeGame.o
                0x00000000080013ec                resetElements
 .text.writeMazeToArray
                0x0000000008001458       0x68 Core/Src/mazeGame.o
                0x0000000008001458                writeMazeToArray
 .text.clearScreen
                0x00000000080014c0       0x40 Core/Src/mazeGame.o
                0x00000000080014c0                clearScreen
 .text.updatePlayerPos
                0x0000000008001500      0x63c Core/Src/mazeGame.o
                0x0000000008001500                updatePlayerPos
 .text.colomnScanMaze1
                0x0000000008001b3c      0x258 Core/Src/mazeGame.o
                0x0000000008001b3c                colomnScanMaze1
 .text.colomnScanMaze2
                0x0000000008001d94      0x248 Core/Src/mazeGame.o
                0x0000000008001d94                colomnScanMaze2
 .text.colomnScanMaze3
                0x0000000008001fdc      0x258 Core/Src/mazeGame.o
                0x0000000008001fdc                colomnScanMaze3
 .text.colomnScanMaze4
                0x0000000008002234      0x258 Core/Src/mazeGame.o
                0x0000000008002234                colomnScanMaze4
 .text.setBall  0x000000000800248c       0x40 Core/Src/mazeGame.o
                0x000000000800248c                setBall
 .text.setEndGoal
                0x00000000080024cc       0x40 Core/Src/mazeGame.o
                0x00000000080024cc                setEndGoal
 .text.mazeSelect
                0x000000000800250c      0x178 Core/Src/mazeGameSelect.o
                0x000000000800250c                mazeSelect
 .text.colomnScanNum1
                0x0000000008002684       0xc4 Core/Src/mazeGameSelect.o
                0x0000000008002684                colomnScanNum1
 .text.colomnScanNum2
                0x0000000008002748       0xe4 Core/Src/mazeGameSelect.o
                0x0000000008002748                colomnScanNum2
 .text.colomnScanNum3
                0x000000000800282c       0xd8 Core/Src/mazeGameSelect.o
                0x000000000800282c                colomnScanNum3
 .text.colomnScanNum4
                0x0000000008002904       0xe4 Core/Src/mazeGameSelect.o
                0x0000000008002904                colomnScanNum4
 .text.HAL_MspInit
                0x00000000080029e8       0x64 Core/Src/stm32f1xx_hal_msp.o
                0x00000000080029e8                HAL_MspInit
 .text.HAL_ADC_MspInit
                0x0000000008002a4c       0x78 Core/Src/stm32f1xx_hal_msp.o
                0x0000000008002a4c                HAL_ADC_MspInit
 .text.HAL_I2C_MspInit
                0x0000000008002ac4       0x7c Core/Src/stm32f1xx_hal_msp.o
                0x0000000008002ac4                HAL_I2C_MspInit
 .text.HAL_UART_MspInit
                0x0000000008002b40       0x94 Core/Src/stm32f1xx_hal_msp.o
                0x0000000008002b40                HAL_UART_MspInit
 .text.NMI_Handler
                0x0000000008002bd4        0xc Core/Src/stm32f1xx_it.o
                0x0000000008002bd4                NMI_Handler
 .text.HardFault_Handler
                0x0000000008002be0        0x6 Core/Src/stm32f1xx_it.o
                0x0000000008002be0                HardFault_Handler
 .text.MemManage_Handler
                0x0000000008002be6        0x6 Core/Src/stm32f1xx_it.o
                0x0000000008002be6                MemManage_Handler
 .text.BusFault_Handler
                0x0000000008002bec        0x6 Core/Src/stm32f1xx_it.o
                0x0000000008002bec                BusFault_Handler
 .text.UsageFault_Handler
                0x0000000008002bf2        0x6 Core/Src/stm32f1xx_it.o
                0x0000000008002bf2                UsageFault_Handler
 .text.SVC_Handler
                0x0000000008002bf8        0xc Core/Src/stm32f1xx_it.o
                0x0000000008002bf8                SVC_Handler
 .text.DebugMon_Handler
                0x0000000008002c04        0xc Core/Src/stm32f1xx_it.o
                0x0000000008002c04                DebugMon_Handler
 .text.PendSV_Handler
                0x0000000008002c10        0xc Core/Src/stm32f1xx_it.o
                0x0000000008002c10                PendSV_Handler
 .text.SysTick_Handler
                0x0000000008002c1c       0x10 Core/Src/stm32f1xx_it.o
                0x0000000008002c1c                SysTick_Handler
 .text.SystemInit
                0x0000000008002c2c        0xc Core/Src/system_stm32f1xx.o
                0x0000000008002c2c                SystemInit
 .text.tennisGameLoop
                0x0000000008002c38       0x5c Core/Src/tennisGame.o
                0x0000000008002c38                tennisGameLoop
 .text.MoveBatIMU
                0x0000000008002c94       0xec Core/Src/tennisGame.o
                0x0000000008002c94                MoveBatIMU
 .text.moveBat  0x0000000008002d80      0x10c Core/Src/tennisGame.o
                0x0000000008002d80                moveBat
 .text.updateBallSpeed
                0x0000000008002e8c      0x124 Core/Src/tennisGame.o
                0x0000000008002e8c                updateBallSpeed
 .text.sendTennisUART
                0x0000000008002fb0       0xec Core/Src/tennisGame.o
                0x0000000008002fb0                sendTennisUART
 .text.checkBounds
                0x000000000800309c      0x164 Core/Src/tennisGame.o
                0x000000000800309c                checkBounds
 .text.resetElementsCourt
                0x0000000008003200       0x50 Core/Src/tennisGame.o
                0x0000000008003200                resetElementsCourt
 .text.initilize
                0x0000000008003250       0x68 Core/Src/tennisGame.o
                0x0000000008003250                initilize
 .text.updateBallPosition
                0x00000000080032b8      0x130 Core/Src/tennisGame.o
                0x00000000080032b8                updateBallPosition
 .text.colomnScanCourt
                0x00000000080033e8      0x270 Core/Src/tennisGame.o
                0x00000000080033e8                colomnScanCourt
 .text.writeCourtToArray
                0x0000000008003658       0x68 Core/Src/tennisGame.o
                0x0000000008003658                writeCourtToArray
 .text.Reset_Handler
                0x00000000080036c0       0x48 Core/Startup/startup_stm32f103rbtx.o
                0x00000000080036c0                Reset_Handler
 .text.Default_Handler
                0x0000000008003708        0x2 Core/Startup/startup_stm32f103rbtx.o
                0x0000000008003708                RTC_Alarm_IRQHandler
                0x0000000008003708                EXTI2_IRQHandler
                0x0000000008003708                TIM1_CC_IRQHandler
                0x0000000008003708                PVD_IRQHandler
                0x0000000008003708                EXTI3_IRQHandler
                0x0000000008003708                EXTI0_IRQHandler
                0x0000000008003708                I2C2_EV_IRQHandler
                0x0000000008003708                ADC1_2_IRQHandler
                0x0000000008003708                SPI1_IRQHandler
                0x0000000008003708                TAMPER_IRQHandler
                0x0000000008003708                DMA1_Channel4_IRQHandler
                0x0000000008003708                USART3_IRQHandler
                0x0000000008003708                RTC_IRQHandler
                0x0000000008003708                DMA1_Channel7_IRQHandler
                0x0000000008003708                CAN1_RX1_IRQHandler
                0x0000000008003708                TIM4_IRQHandler
                0x0000000008003708                I2C1_EV_IRQHandler
                0x0000000008003708                DMA1_Channel6_IRQHandler
                0x0000000008003708                TIM3_IRQHandler
                0x0000000008003708                RCC_IRQHandler
                0x0000000008003708                TIM1_TRG_COM_IRQHandler
                0x0000000008003708                DMA1_Channel1_IRQHandler
                0x0000000008003708                Default_Handler
                0x0000000008003708                EXTI15_10_IRQHandler
                0x0000000008003708                EXTI9_5_IRQHandler
                0x0000000008003708                SPI2_IRQHandler
                0x0000000008003708                DMA1_Channel5_IRQHandler
                0x0000000008003708                EXTI4_IRQHandler
                0x0000000008003708                USB_LP_CAN1_RX0_IRQHandler
                0x0000000008003708                USB_HP_CAN1_TX_IRQHandler
                0x0000000008003708                DMA1_Channel3_IRQHandler
                0x0000000008003708                TIM1_UP_IRQHandler
                0x0000000008003708                WWDG_IRQHandler
                0x0000000008003708                TIM2_IRQHandler
                0x0000000008003708                TIM1_BRK_IRQHandler
                0x0000000008003708                EXTI1_IRQHandler
                0x0000000008003708                USART2_IRQHandler
                0x0000000008003708                I2C2_ER_IRQHandler
                0x0000000008003708                DMA1_Channel2_IRQHandler
                0x0000000008003708                CAN1_SCE_IRQHandler
                0x0000000008003708                FLASH_IRQHandler
                0x0000000008003708                USART1_IRQHandler
                0x0000000008003708                I2C1_ER_IRQHandler
                0x0000000008003708                USBWakeUp_IRQHandler
 *fill*         0x000000000800370a        0x2 
 .text.HAL_Init
                0x000000000800370c       0x2c Drivers/STM32F1xx_HAL_Driver/Src/stm32f1xx_hal.o
                0x000000000800370c                HAL_Init
 .text.HAL_InitTick
                0x0000000008003738       0x60 Drivers/STM32F1xx_HAL_Driver/Src/stm32f1xx_hal.o
                0x0000000008003738                HAL_InitTick
 .text.HAL_IncTick
                0x0000000008003798       0x24 Drivers/STM32F1xx_HAL_Driver/Src/stm32f1xx_hal.o
                0x0000000008003798                HAL_IncTick
 .text.HAL_GetTick
                0x00000000080037bc       0x14 Drivers/STM32F1xx_HAL_Driver/Src/stm32f1xx_hal.o
                0x00000000080037bc                HAL_GetTick
 .text.HAL_Delay
                0x00000000080037d0       0x44 Drivers/STM32F1xx_HAL_Driver/Src/stm32f1xx_hal.o
                0x00000000080037d0                HAL_Delay
 .text.HAL_ADC_Init
                0x0000000008003814      0x1b0 Drivers/STM32F1xx_HAL_Driver/Src/stm32f1xx_hal_adc.o
                0x0000000008003814                HAL_ADC_Init
 .text.HAL_ADC_ConfigChannel
                0x00000000080039c4      0x1f0 Drivers/STM32F1xx_HAL_Driver/Src/stm32f1xx_hal_adc.o
                0x00000000080039c4                HAL_ADC_ConfigChannel
 .text.ADC_ConversionStop_Disable
                0x0000000008003bb4       0x74 Drivers/STM32F1xx_HAL_Driver/Src/stm32f1xx_hal_adc.o
                0x0000000008003bb4                ADC_ConversionStop_Disable
 .text.__NVIC_SetPriorityGrouping
                0x0000000008003c28       0x48 Drivers/STM32F1xx_HAL_Driver/Src/stm32f1xx_hal_cortex.o
 .text.__NVIC_GetPriorityGrouping
                0x0000000008003c70       0x1c Drivers/STM32F1xx_HAL_Driver/Src/stm32f1xx_hal_cortex.o
 .text.__NVIC_SetPriority
                0x0000000008003c8c       0x54 Drivers/STM32F1xx_HAL_Driver/Src/stm32f1xx_hal_cortex.o
 .text.NVIC_EncodePriority
                0x0000000008003ce0       0x64 Drivers/STM32F1xx_HAL_Driver/Src/stm32f1xx_hal_cortex.o
 .text.SysTick_Config
                0x0000000008003d44       0x44 Drivers/STM32F1xx_HAL_Driver/Src/stm32f1xx_hal_cortex.o
 .text.HAL_NVIC_SetPriorityGrouping
                0x0000000008003d88       0x16 Drivers/STM32F1xx_HAL_Driver/Src/stm32f1xx_hal_cortex.o
                0x0000000008003d88                HAL_NVIC_SetPriorityGrouping
 .text.HAL_NVIC_SetPriority
                0x0000000008003d9e       0x38 Drivers/STM32F1xx_HAL_Driver/Src/stm32f1xx_hal_cortex.o
                0x0000000008003d9e                HAL_NVIC_SetPriority
 .text.HAL_SYSTICK_Config
                0x0000000008003dd6       0x18 Drivers/STM32F1xx_HAL_Driver/Src/stm32f1xx_hal_cortex.o
                0x0000000008003dd6                HAL_SYSTICK_Config
 *fill*         0x0000000008003dee        0x2 
 .text.HAL_GPIO_Init
                0x0000000008003df0      0x2b4 Drivers/STM32F1xx_HAL_Driver/Src/stm32f1xx_hal_gpio.o
                0x0000000008003df0                HAL_GPIO_Init
 .text.HAL_GPIO_ReadPin
                0x00000000080040a4       0x2e Drivers/STM32F1xx_HAL_Driver/Src/stm32f1xx_hal_gpio.o
                0x00000000080040a4                HAL_GPIO_ReadPin
 .text.HAL_GPIO_WritePin
                0x00000000080040d2       0x30 Drivers/STM32F1xx_HAL_Driver/Src/stm32f1xx_hal_gpio.o
                0x00000000080040d2                HAL_GPIO_WritePin
 *fill*         0x0000000008004102        0x2 
 .text.HAL_I2C_Init
                0x0000000008004104      0x270 Drivers/STM32F1xx_HAL_Driver/Src/stm32f1xx_hal_i2c.o
                0x0000000008004104                HAL_I2C_Init
 .text.HAL_I2C_Master_Transmit
                0x0000000008004374      0x1fc Drivers/STM32F1xx_HAL_Driver/Src/stm32f1xx_hal_i2c.o
                0x0000000008004374                HAL_I2C_Master_Transmit
 .text.HAL_I2C_Master_Receive
                0x0000000008004570      0x4b4 Drivers/STM32F1xx_HAL_Driver/Src/stm32f1xx_hal_i2c.o
                0x0000000008004570                HAL_I2C_Master_Receive
 .text.I2C_MasterRequestWrite
                0x0000000008004a24      0x104 Drivers/STM32F1xx_HAL_Driver/Src/stm32f1xx_hal_i2c.o
 .text.I2C_MasterRequestRead
                0x0000000008004b28      0x19c Drivers/STM32F1xx_HAL_Driver/Src/stm32f1xx_hal_i2c.o
 .text.I2C_WaitOnFlagUntilTimeout
                0x0000000008004cc4       0xae Drivers/STM32F1xx_HAL_Driver/Src/stm32f1xx_hal_i2c.o
 .text.I2C_WaitOnMasterAddressFlagUntilTimeout
                0x0000000008004d72       0xfe Drivers/STM32F1xx_HAL_Driver/Src/stm32f1xx_hal_i2c.o
 .text.I2C_WaitOnTXEFlagUntilTimeout
                0x0000000008004e70       0x82 Drivers/STM32F1xx_HAL_Driver/Src/stm32f1xx_hal_i2c.o
 .text.I2C_WaitOnBTFFlagUntilTimeout
                0x0000000008004ef2       0x82 Drivers/STM32F1xx_HAL_Driver/Src/stm32f1xx_hal_i2c.o
 .text.I2C_WaitOnRXNEFlagUntilTimeout
                0x0000000008004f74       0xac Drivers/STM32F1xx_HAL_Driver/Src/stm32f1xx_hal_i2c.o
 .text.I2C_IsAcknowledgeFailed
                0x0000000008005020       0x5c Drivers/STM32F1xx_HAL_Driver/Src/stm32f1xx_hal_i2c.o
 .text.HAL_RCC_OscConfig
                0x000000000800507c      0x500 Drivers/STM32F1xx_HAL_Driver/Src/stm32f1xx_hal_rcc.o
                0x000000000800507c                HAL_RCC_OscConfig
 .text.HAL_RCC_ClockConfig
                0x000000000800557c      0x1d4 Drivers/STM32F1xx_HAL_Driver/Src/stm32f1xx_hal_rcc.o
                0x000000000800557c                HAL_RCC_ClockConfig
 .text.HAL_RCC_GetSysClockFreq
                0x0000000008005750       0xc4 Drivers/STM32F1xx_HAL_Driver/Src/stm32f1xx_hal_rcc.o
                0x0000000008005750                HAL_RCC_GetSysClockFreq
 .text.HAL_RCC_GetHCLKFreq
                0x0000000008005814       0x14 Drivers/STM32F1xx_HAL_Driver/Src/stm32f1xx_hal_rcc.o
                0x0000000008005814                HAL_RCC_GetHCLKFreq
 .text.HAL_RCC_GetPCLK1Freq
                0x0000000008005828       0x28 Drivers/STM32F1xx_HAL_Driver/Src/stm32f1xx_hal_rcc.o
                0x0000000008005828                HAL_RCC_GetPCLK1Freq
 .text.HAL_RCC_GetPCLK2Freq
                0x0000000008005850       0x28 Drivers/STM32F1xx_HAL_Driver/Src/stm32f1xx_hal_rcc.o
                0x0000000008005850                HAL_RCC_GetPCLK2Freq
 .text.RCC_Delay
                0x0000000008005878       0x3c Drivers/STM32F1xx_HAL_Driver/Src/stm32f1xx_hal_rcc.o
 .text.HAL_RCCEx_PeriphCLKConfig
                0x00000000080058b4      0x16c Drivers/STM32F1xx_HAL_Driver/Src/stm32f1xx_hal_rcc_ex.o
                0x00000000080058b4                HAL_RCCEx_PeriphCLKConfig
 .text.HAL_UART_Init
                0x0000000008005a20       0x9a Drivers/STM32F1xx_HAL_Driver/Src/stm32f1xx_hal_uart.o
                0x0000000008005a20                HAL_UART_Init
 .text.HAL_UART_Transmit
                0x0000000008005aba      0x124 Drivers/STM32F1xx_HAL_Driver/Src/stm32f1xx_hal_uart.o
                0x0000000008005aba                HAL_UART_Transmit
 .text.UART_WaitOnFlagUntilTimeout
                0x0000000008005bde       0x94 Drivers/STM32F1xx_HAL_Driver/Src/stm32f1xx_hal_uart.o
 *fill*         0x0000000008005c72        0x2 
 .text.UART_SetConfig
                0x0000000008005c74      0x11c Drivers/STM32F1xx_HAL_Driver/Src/stm32f1xx_hal_uart.o
 .text.__libc_init_array
                0x0000000008005d90       0x48 c:/st/stm32cubeide_1.3.0/stm32cubeide/plugins/com.st.stm32cube.ide.mcu.externaltools.gnu-tools-for-stm32.7-2018-q2-update.win32_1.0.0.201904181610/tools/bin/../lib/gcc/arm-none-eabi/7.3.1/../../../../arm-none-eabi/lib/thumb/v7-m\libc_nano.a(lib_a-init.o)
                0x0000000008005d90                __libc_init_array
 .text.memset   0x0000000008005dd8       0x10 c:/st/stm32cubeide_1.3.0/stm32cubeide/plugins/com.st.stm32cube.ide.mcu.externaltools.gnu-tools-for-stm32.7-2018-q2-update.win32_1.0.0.201904181610/tools/bin/../lib/gcc/arm-none-eabi/7.3.1/../../../../arm-none-eabi/lib/thumb/v7-m\libc_nano.a(lib_a-memset.o)
                0x0000000008005dd8                memset
 *(.glue_7)
 .glue_7        0x0000000008005de8        0x0 linker stubs
 *(.glue_7t)
 .glue_7t       0x0000000008005de8        0x0 linker stubs
 *(.eh_frame)
 .eh_frame      0x0000000008005de8        0x0 c:/st/stm32cubeide_1.3.0/stm32cubeide/plugins/com.st.stm32cube.ide.mcu.externaltools.gnu-tools-for-stm32.7-2018-q2-update.win32_1.0.0.201904181610/tools/bin/../lib/gcc/arm-none-eabi/7.3.1/thumb/v7-m/crtbegin.o
 *(.init)
 .init          0x0000000008005de8        0x4 c:/st/stm32cubeide_1.3.0/stm32cubeide/plugins/com.st.stm32cube.ide.mcu.externaltools.gnu-tools-for-stm32.7-2018-q2-update.win32_1.0.0.201904181610/tools/bin/../lib/gcc/arm-none-eabi/7.3.1/thumb/v7-m/crti.o
                0x0000000008005de8                _init
 .init          0x0000000008005dec        0x8 c:/st/stm32cubeide_1.3.0/stm32cubeide/plugins/com.st.stm32cube.ide.mcu.externaltools.gnu-tools-for-stm32.7-2018-q2-update.win32_1.0.0.201904181610/tools/bin/../lib/gcc/arm-none-eabi/7.3.1/thumb/v7-m/crtn.o
 *(.fini)
 .fini          0x0000000008005df4        0x4 c:/st/stm32cubeide_1.3.0/stm32cubeide/plugins/com.st.stm32cube.ide.mcu.externaltools.gnu-tools-for-stm32.7-2018-q2-update.win32_1.0.0.201904181610/tools/bin/../lib/gcc/arm-none-eabi/7.3.1/thumb/v7-m/crti.o
                0x0000000008005df4                _fini
 .fini          0x0000000008005df8        0x8 c:/st/stm32cubeide_1.3.0/stm32cubeide/plugins/com.st.stm32cube.ide.mcu.externaltools.gnu-tools-for-stm32.7-2018-q2-update.win32_1.0.0.201904181610/tools/bin/../lib/gcc/arm-none-eabi/7.3.1/thumb/v7-m/crtn.o
                0x0000000008005e00                . = ALIGN (0x4)
                0x0000000008005e00                _etext = .

.vfp11_veneer   0x0000000008005e00        0x0
 .vfp11_veneer  0x0000000008005e00        0x0 linker stubs

.v4_bx          0x0000000008005e00        0x0
 .v4_bx         0x0000000008005e00        0x0 linker stubs

.iplt           0x0000000008005e00        0x0
 .iplt          0x0000000008005e00        0x0 c:/st/stm32cubeide_1.3.0/stm32cubeide/plugins/com.st.stm32cube.ide.mcu.externaltools.gnu-tools-for-stm32.7-2018-q2-update.win32_1.0.0.201904181610/tools/bin/../lib/gcc/arm-none-eabi/7.3.1/thumb/v7-m/crtbegin.o

.rodata         0x0000000008005e00      0x1b0
                0x0000000008005e00                . = ALIGN (0x4)
 *(.rodata)
 .rodata        0x0000000008005e00       0x6b Core/Src/UserGeneral.o
 *fill*         0x0000000008005e6b        0x1 
 .rodata        0x0000000008005e6c        0xb Core/Src/mazeGame.o
 *fill*         0x0000000008005e77        0x1 
 .rodata        0x0000000008005e78        0xb Core/Src/tennisGame.o
 *fill*         0x0000000008005e83        0x1 
 .rodata        0x0000000008005e84       0x12 Drivers/STM32F1xx_HAL_Driver/Src/stm32f1xx_hal_rcc.o
 *(.rodata*)
 *fill*         0x0000000008005e96        0x2 
 .rodata.layout_M1
                0x0000000008005e98       0x40 Core/Src/mazeGame.o
                0x0000000008005e98                layout_M1
 .rodata.layout_M2
                0x0000000008005ed8       0x40 Core/Src/mazeGame.o
                0x0000000008005ed8                layout_M2
 .rodata.layout_M3
                0x0000000008005f18       0x40 Core/Src/mazeGame.o
                0x0000000008005f18                layout_M3
 .rodata.layout_M4
                0x0000000008005f58       0x40 Core/Src/mazeGame.o
                0x0000000008005f58                layout_M4
 .rodata.AHBPrescTable
                0x0000000008005f98       0x10 Core/Src/system_stm32f1xx.o
                0x0000000008005f98                AHBPrescTable
 .rodata.APBPrescTable
                0x0000000008005fa8        0x8 Core/Src/system_stm32f1xx.o
                0x0000000008005fa8                APBPrescTable
                0x0000000008005fb0                . = ALIGN (0x4)

.rel.dyn        0x0000000008005fb0        0x0
 .rel.iplt      0x0000000008005fb0        0x0 c:/st/stm32cubeide_1.3.0/stm32cubeide/plugins/com.st.stm32cube.ide.mcu.externaltools.gnu-tools-for-stm32.7-2018-q2-update.win32_1.0.0.201904181610/tools/bin/../lib/gcc/arm-none-eabi/7.3.1/thumb/v7-m/crtbegin.o

.ARM.extab      0x0000000008005fb0        0x0
                0x0000000008005fb0                . = ALIGN (0x4)
 *(.ARM.extab* .gnu.linkonce.armextab.*)
                0x0000000008005fb0                . = ALIGN (0x4)

.ARM            0x0000000008005fb0        0x0
                0x0000000008005fb0                . = ALIGN (0x4)
                0x0000000008005fb0                __exidx_start = .
 *(.ARM.exidx*)
                0x0000000008005fb0                __exidx_end = .
                0x0000000008005fb0                . = ALIGN (0x4)

.preinit_array  0x0000000008005fb0        0x0
                0x0000000008005fb0                . = ALIGN (0x4)
                0x0000000008005fb0                PROVIDE (__preinit_array_start = .)
 *(.preinit_array*)
                0x0000000008005fb0                PROVIDE (__preinit_array_end = .)
                0x0000000008005fb0                . = ALIGN (0x4)

.init_array     0x0000000008005fb0        0x4
                0x0000000008005fb0                . = ALIGN (0x4)
                0x0000000008005fb0                PROVIDE (__init_array_start = .)
 *(SORT_BY_NAME(.init_array.*))
 *(.init_array*)
 .init_array    0x0000000008005fb0        0x4 c:/st/stm32cubeide_1.3.0/stm32cubeide/plugins/com.st.stm32cube.ide.mcu.externaltools.gnu-tools-for-stm32.7-2018-q2-update.win32_1.0.0.201904181610/tools/bin/../lib/gcc/arm-none-eabi/7.3.1/thumb/v7-m/crtbegin.o
                0x0000000008005fb4                PROVIDE (__init_array_end = .)
                0x0000000008005fb4                . = ALIGN (0x4)

.fini_array     0x0000000008005fb4        0x4
                0x0000000008005fb4                . = ALIGN (0x4)
                [!provide]                        PROVIDE (__fini_array_start = .)
 *(SORT_BY_NAME(.fini_array.*))
 *(.fini_array*)
 .fini_array    0x0000000008005fb4        0x4 c:/st/stm32cubeide_1.3.0/stm32cubeide/plugins/com.st.stm32cube.ide.mcu.externaltools.gnu-tools-for-stm32.7-2018-q2-update.win32_1.0.0.201904181610/tools/bin/../lib/gcc/arm-none-eabi/7.3.1/thumb/v7-m/crtbegin.o
                [!provide]                        PROVIDE (__fini_array_end = .)
                0x0000000008005fb8                . = ALIGN (0x4)
                0x0000000008005fb8                _sidata = LOADADDR (.data)

.data           0x0000000020000000       0x5c load address 0x0000000008005fb8
                0x0000000020000000                . = ALIGN (0x4)
                0x0000000020000000                _sdata = .
 *(.data)
 *(.data*)
 .data.ballUpdateTime
                0x0000000020000000        0x2 Core/Src/UserGeneral.o
                0x0000000020000000                ballUpdateTime
 .data.i2cAddress
                0x0000000020000002        0x2 Core/Src/UserGeneral.o
                0x0000000020000002                i2cAddress
 .data.ControlRegister1
                0x0000000020000004        0x1 Core/Src/UserGeneral.o
                0x0000000020000004                ControlRegister1
 .data.ControlRegister1Data
                0x0000000020000005        0x1 Core/Src/UserGeneral.o
                0x0000000020000005                ControlRegister1Data
 .data.outxl_reg
                0x0000000020000006        0x1 Core/Src/UserGeneral.o
                0x0000000020000006                outxl_reg
 *fill*         0x0000000020000007        0x1 
 .data.ButtonM  0x0000000020000008        0xc Core/Src/UserGeneral.o
                0x0000000020000008                ButtonM
 .data.ButtonL  0x0000000020000014        0xc Core/Src/UserGeneral.o
                0x0000000020000014                ButtonL
 .data.ButtonR  0x0000000020000020        0xc Core/Src/UserGeneral.o
                0x0000000020000020                ButtonR
 .data.ButtonD  0x000000002000002c        0xc Core/Src/UserGeneral.o
                0x000000002000002c                ButtonD
 .data.ButtonU  0x0000000020000038        0xc Core/Src/UserGeneral.o
                0x0000000020000038                ButtonU
 .data.ball     0x0000000020000044        0x3 Core/Src/mazeGame.o
                0x0000000020000044                ball
 *fill*         0x0000000020000047        0x1 
 .data.endGoal  0x0000000020000048        0x3 Core/Src/mazeGame.o
                0x0000000020000048                endGoal
 .data.mazeNumber
                0x000000002000004b        0x1 Core/Src/mazeGameSelect.o
                0x000000002000004b                mazeNumber
 .data.SystemCoreClock
                0x000000002000004c        0x4 Core/Src/system_stm32f1xx.o
                0x000000002000004c                SystemCoreClock
 .data.bat      0x0000000020000050        0x4 Core/Src/tennisGame.o
                0x0000000020000050                bat
 .data.uwTickPrio
                0x0000000020000054        0x4 Drivers/STM32F1xx_HAL_Driver/Src/stm32f1xx_hal.o
                0x0000000020000054                uwTickPrio
 .data.uwTickFreq
                0x0000000020000058        0x1 Drivers/STM32F1xx_HAL_Driver/Src/stm32f1xx_hal.o
                0x0000000020000058                uwTickFreq
                0x000000002000005c                . = ALIGN (0x4)
 *fill*         0x0000000020000059        0x3 
                0x000000002000005c                _edata = .

.igot.plt       0x000000002000005c        0x0 load address 0x0000000008006014
 .igot.plt      0x000000002000005c        0x0 c:/st/stm32cubeide_1.3.0/stm32cubeide/plugins/com.st.stm32cube.ide.mcu.externaltools.gnu-tools-for-stm32.7-2018-q2-update.win32_1.0.0.201904181610/tools/bin/../lib/gcc/arm-none-eabi/7.3.1/thumb/v7-m/crtbegin.o
                0x000000002000005c                . = ALIGN (0x4)

.bss            0x000000002000005c      0x184 load address 0x0000000008006014
                0x000000002000005c                _sbss = .
                0x000000002000005c                __bss_start__ = _sbss
 *(.bss)
 .bss           0x000000002000005c       0x1c c:/st/stm32cubeide_1.3.0/stm32cubeide/plugins/com.st.stm32cube.ide.mcu.externaltools.gnu-tools-for-stm32.7-2018-q2-update.win32_1.0.0.201904181610/tools/bin/../lib/gcc/arm-none-eabi/7.3.1/thumb/v7-m/crtbegin.o
 *(.bss*)
 .bss.arrRow    0x0000000020000078        0x8 Core/Src/UserGeneral.o
                0x0000000020000078                arrRow
 .bss.arrCol    0x0000000020000080        0x8 Core/Src/UserGeneral.o
                0x0000000020000080                arrCol
 .bss.screenUpdateFlag
                0x0000000020000088        0x1 Core/Src/UserGeneral.o
                0x0000000020000088                screenUpdateFlag
 .bss.inMazeGameFlag
                0x0000000020000089        0x1 Core/Src/UserGeneral.o
                0x0000000020000089                inMazeGameFlag
 .bss.flag_1ms  0x000000002000008a        0x1 Core/Src/UserGeneral.o
                0x000000002000008a                flag_1ms
 .bss.flag_8ms  0x000000002000008b        0x1 Core/Src/UserGeneral.o
                0x000000002000008b                flag_8ms
 .bss.flag_100ms
                0x000000002000008c        0x1 Core/Src/UserGeneral.o
                0x000000002000008c                flag_100ms
 .bss.flag_300ms
                0x000000002000008d        0x1 Core/Src/UserGeneral.o
                0x000000002000008d                flag_300ms
 .bss.counterTennisUART
                0x000000002000008e        0x2 Core/Src/UserGeneral.o
                0x000000002000008e                counterTennisUART
 .bss.counter_100ms
                0x0000000020000090        0x1 Core/Src/UserGeneral.o
                0x0000000020000090                counter_100ms
 *fill*         0x0000000020000091        0x1 
 .bss.counter_300ms
                0x0000000020000092        0x2 Core/Src/UserGeneral.o
                0x0000000020000092                counter_300ms
 .bss.counter_BallUpdate
                0x0000000020000094        0x2 Core/Src/UserGeneral.o
                0x0000000020000094                counter_BallUpdate
 .bss.flag_BallUpdate
                0x0000000020000096        0x1 Core/Src/UserGeneral.o
                0x0000000020000096                flag_BallUpdate
 .bss.initilizeMazeGameFlag
                0x0000000020000097        0x1 Core/Src/UserGeneral.o
                0x0000000020000097                initilizeMazeGameFlag
 .bss.initilizeTennisGameFlag
                0x0000000020000098        0x1 Core/Src/UserGeneral.o
                0x0000000020000098                initilizeTennisGameFlag
 *fill*         0x0000000020000099        0x3 
 .bss.i2c_transferData
                0x000000002000009c        0x8 Core/Src/UserGeneral.o
                0x000000002000009c                i2c_transferData
 .bss.i2c_accData
                0x00000000200000a4        0x8 Core/Src/UserGeneral.o
                0x00000000200000a4                i2c_accData
 .bss.accx      0x00000000200000ac        0x2 Core/Src/UserGeneral.o
                0x00000000200000ac                accx
 .bss.accy      0x00000000200000ae        0x2 Core/Src/UserGeneral.o
                0x00000000200000ae                accy
 .bss.accz      0x00000000200000b0        0x2 Core/Src/UserGeneral.o
                0x00000000200000b0                accz
 .bss.inTennisGameFlag
                0x00000000200000b2        0x1 Core/Src/UserGeneral.o
                0x00000000200000b2                inTennisGameFlag
 .bss.IMUDirection
                0x00000000200000b3        0x1 Core/Src/mazeGame.o
                0x00000000200000b3                IMUDirection
 .bss.enterMazeFlag
                0x00000000200000b4        0x1 Core/Src/mazeGameSelect.o
                0x00000000200000b4                enterMazeFlag
 .bss.IMUDirectionT
                0x00000000200000b5        0x1 Core/Src/tennisGame.o
                0x00000000200000b5                IMUDirectionT
 *(COMMON)
 *fill*         0x00000000200000b6        0x2 
 COMMON         0x00000000200000b8        0x8 Core/Src/UserGeneral.o
                0x00000000200000b8                sliderInput
                0x00000000200000bc                accRes
                0x00000000200000bd                accRes2
                0x00000000200000be                bally
                0x00000000200000bf                ballx
 COMMON         0x00000000200000c0       0xc4 Core/Src/main.o
                0x00000000200000c0                hi2c1
                0x0000000020000114                hadc1
                0x0000000020000144                huart2
 COMMON         0x0000000020000184       0x40 Core/Src/mazeGame.o
                0x0000000020000184                Maze4
                0x0000000020000194                Maze1
                0x00000000200001a4                Maze3
                0x00000000200001b4                Maze2
 COMMON         0x00000000200001c4       0x18 Core/Src/tennisGame.o
                0x00000000200001c4                tBall
                0x00000000200001cc                court1
 COMMON         0x00000000200001dc        0x4 Drivers/STM32F1xx_HAL_Driver/Src/stm32f1xx_hal.o
                0x00000000200001dc                uwTick
                0x00000000200001e0                . = ALIGN (0x4)
                0x00000000200001e0                _ebss = .
                0x00000000200001e0                __bss_end__ = _ebss

._user_heap_stack
                0x00000000200001e0      0x600 load address 0x0000000008006014
                0x00000000200001e0                . = ALIGN (0x8)
                0x00000000200001e0                PROVIDE (end = .)
                [!provide]                        PROVIDE (_end = .)
                0x00000000200003e0                . = (. + _Min_Heap_Size)
 *fill*         0x00000000200001e0      0x200 
                0x00000000200007e0                . = (. + _Min_Stack_Size)
 *fill*         0x00000000200003e0      0x400 
                0x00000000200007e0                . = ALIGN (0x8)

/DISCARD/
 libc.a(*)
 libm.a(*)
 libgcc.a(*)

.ARM.attributes
                0x0000000000000000       0x29
 *(.ARM.attributes)
 .ARM.attributes
                0x0000000000000000       0x1d c:/st/stm32cubeide_1.3.0/stm32cubeide/plugins/com.st.stm32cube.ide.mcu.externaltools.gnu-tools-for-stm32.7-2018-q2-update.win32_1.0.0.201904181610/tools/bin/../lib/gcc/arm-none-eabi/7.3.1/thumb/v7-m/crti.o
 .ARM.attributes
                0x000000000000001d       0x2d c:/st/stm32cubeide_1.3.0/stm32cubeide/plugins/com.st.stm32cube.ide.mcu.externaltools.gnu-tools-for-stm32.7-2018-q2-update.win32_1.0.0.201904181610/tools/bin/../lib/gcc/arm-none-eabi/7.3.1/thumb/v7-m/crtbegin.o
 .ARM.attributes
                0x000000000000004a       0x33 Core/Src/UserGeneral.o
 .ARM.attributes
                0x000000000000007d       0x33 Core/Src/main.o
 .ARM.attributes
                0x00000000000000b0       0x33 Core/Src/mazeGame.o
 .ARM.attributes
                0x00000000000000e3       0x33 Core/Src/mazeGameSelect.o
 .ARM.attributes
                0x0000000000000116       0x33 Core/Src/stm32f1xx_hal_msp.o
 .ARM.attributes
                0x0000000000000149       0x33 Core/Src/stm32f1xx_it.o
 .ARM.attributes
                0x000000000000017c       0x33 Core/Src/system_stm32f1xx.o
 .ARM.attributes
                0x00000000000001af       0x33 Core/Src/tennisGame.o
 .ARM.attributes
                0x00000000000001e2       0x21 Core/Startup/startup_stm32f103rbtx.o
 .ARM.attributes
                0x0000000000000203       0x33 Drivers/STM32F1xx_HAL_Driver/Src/stm32f1xx_hal.o
 .ARM.attributes
                0x0000000000000236       0x33 Drivers/STM32F1xx_HAL_Driver/Src/stm32f1xx_hal_adc.o
 .ARM.attributes
                0x0000000000000269       0x33 Drivers/STM32F1xx_HAL_Driver/Src/stm32f1xx_hal_cortex.o
 .ARM.attributes
                0x000000000000029c       0x33 Drivers/STM32F1xx_HAL_Driver/Src/stm32f1xx_hal_gpio.o
 .ARM.attributes
                0x00000000000002cf       0x33 Drivers/STM32F1xx_HAL_Driver/Src/stm32f1xx_hal_i2c.o
 .ARM.attributes
                0x0000000000000302       0x33 Drivers/STM32F1xx_HAL_Driver/Src/stm32f1xx_hal_rcc.o
 .ARM.attributes
                0x0000000000000335       0x33 Drivers/STM32F1xx_HAL_Driver/Src/stm32f1xx_hal_rcc_ex.o
 .ARM.attributes
                0x0000000000000368       0x33 Drivers/STM32F1xx_HAL_Driver/Src/stm32f1xx_hal_uart.o
 .ARM.attributes
                0x000000000000039b       0x2d c:/st/stm32cubeide_1.3.0/stm32cubeide/plugins/com.st.stm32cube.ide.mcu.externaltools.gnu-tools-for-stm32.7-2018-q2-update.win32_1.0.0.201904181610/tools/bin/../lib/gcc/arm-none-eabi/7.3.1/../../../../arm-none-eabi/lib/thumb/v7-m\libc_nano.a(lib_a-init.o)
 .ARM.attributes
                0x00000000000003c8       0x2d c:/st/stm32cubeide_1.3.0/stm32cubeide/plugins/com.st.stm32cube.ide.mcu.externaltools.gnu-tools-for-stm32.7-2018-q2-update.win32_1.0.0.201904181610/tools/bin/../lib/gcc/arm-none-eabi/7.3.1/../../../../arm-none-eabi/lib/thumb/v7-m\libc_nano.a(lib_a-memset.o)
 .ARM.attributes
                0x00000000000003f5       0x1d c:/st/stm32cubeide_1.3.0/stm32cubeide/plugins/com.st.stm32cube.ide.mcu.externaltools.gnu-tools-for-stm32.7-2018-q2-update.win32_1.0.0.201904181610/tools/bin/../lib/gcc/arm-none-eabi/7.3.1/thumb/v7-m/crtn.o
OUTPUT(EDesign314.elf elf32-littlearm)

.debug_info     0x0000000000000000     0xcb72
 .debug_info    0x0000000000000000      0xf71 Core/Src/UserGeneral.o
 .debug_info    0x0000000000000f71     0x16ed Core/Src/main.o
 .debug_info    0x000000000000265e     0x1023 Core/Src/mazeGame.o
 .debug_info    0x0000000000003681      0xa17 Core/Src/mazeGameSelect.o
 .debug_info    0x0000000000004098      0xdc1 Core/Src/stm32f1xx_hal_msp.o
 .debug_info    0x0000000000004e59      0x20a Core/Src/stm32f1xx_it.o
 .debug_info    0x0000000000005063      0x29a Core/Src/system_stm32f1xx.o
 .debug_info    0x00000000000052fd      0xf24 Core/Src/tennisGame.o
 .debug_info    0x0000000000006221       0x22 Core/Startup/startup_stm32f103rbtx.o
 .debug_info    0x0000000000006243      0x714 Drivers/STM32F1xx_HAL_Driver/Src/stm32f1xx_hal.o
 .debug_info    0x0000000000006957      0xc6c Drivers/STM32F1xx_HAL_Driver/Src/stm32f1xx_hal_adc.o
 .debug_info    0x00000000000075c3      0xb51 Drivers/STM32F1xx_HAL_Driver/Src/stm32f1xx_hal_cortex.o
 .debug_info    0x0000000000008114      0x69b Drivers/STM32F1xx_HAL_Driver/Src/stm32f1xx_hal_gpio.o
 .debug_info    0x00000000000087af     0x2555 Drivers/STM32F1xx_HAL_Driver/Src/stm32f1xx_hal_i2c.o
 .debug_info    0x000000000000ad04      0x80f Drivers/STM32F1xx_HAL_Driver/Src/stm32f1xx_hal_rcc.o
 .debug_info    0x000000000000b513      0x444 Drivers/STM32F1xx_HAL_Driver/Src/stm32f1xx_hal_rcc_ex.o
 .debug_info    0x000000000000b957     0x121b Drivers/STM32F1xx_HAL_Driver/Src/stm32f1xx_hal_uart.o

.debug_abbrev   0x0000000000000000     0x1dbf
 .debug_abbrev  0x0000000000000000      0x1cd Core/Src/UserGeneral.o
 .debug_abbrev  0x00000000000001cd      0x275 Core/Src/main.o
 .debug_abbrev  0x0000000000000442      0x1dd Core/Src/mazeGame.o
 .debug_abbrev  0x000000000000061f      0x165 Core/Src/mazeGameSelect.o
 .debug_abbrev  0x0000000000000784      0x18c Core/Src/stm32f1xx_hal_msp.o
 .debug_abbrev  0x0000000000000910       0xc6 Core/Src/stm32f1xx_it.o
 .debug_abbrev  0x00000000000009d6      0x134 Core/Src/system_stm32f1xx.o
 .debug_abbrev  0x0000000000000b0a      0x220 Core/Src/tennisGame.o
 .debug_abbrev  0x0000000000000d2a       0x12 Core/Startup/startup_stm32f103rbtx.o
 .debug_abbrev  0x0000000000000d3c      0x1c7 Drivers/STM32F1xx_HAL_Driver/Src/stm32f1xx_hal.o
 .debug_abbrev  0x0000000000000f03      0x1d5 Drivers/STM32F1xx_HAL_Driver/Src/stm32f1xx_hal_adc.o
 .debug_abbrev  0x00000000000010d8      0x2d5 Drivers/STM32F1xx_HAL_Driver/Src/stm32f1xx_hal_cortex.o
 .debug_abbrev  0x00000000000013ad      0x1c0 Drivers/STM32F1xx_HAL_Driver/Src/stm32f1xx_hal_gpio.o
 .debug_abbrev  0x000000000000156d      0x258 Drivers/STM32F1xx_HAL_Driver/Src/stm32f1xx_hal_i2c.o
 .debug_abbrev  0x00000000000017c5      0x243 Drivers/STM32F1xx_HAL_Driver/Src/stm32f1xx_hal_rcc.o
 .debug_abbrev  0x0000000000001a08      0x175 Drivers/STM32F1xx_HAL_Driver/Src/stm32f1xx_hal_rcc_ex.o
 .debug_abbrev  0x0000000000001b7d      0x242 Drivers/STM32F1xx_HAL_Driver/Src/stm32f1xx_hal_uart.o

.debug_aranges  0x0000000000000000      0xb60
 .debug_aranges
                0x0000000000000000       0x68 Core/Src/UserGeneral.o
 .debug_aranges
                0x0000000000000068       0x50 Core/Src/main.o
 .debug_aranges
                0x00000000000000b8       0x90 Core/Src/mazeGame.o
 .debug_aranges
                0x0000000000000148       0x40 Core/Src/mazeGameSelect.o
 .debug_aranges
                0x0000000000000188       0x50 Core/Src/stm32f1xx_hal_msp.o
 .debug_aranges
                0x00000000000001d8       0x60 Core/Src/stm32f1xx_it.o
 .debug_aranges
                0x0000000000000238       0x28 Core/Src/system_stm32f1xx.o
 .debug_aranges
                0x0000000000000260       0x80 Core/Src/tennisGame.o
 .debug_aranges
                0x00000000000002e0       0x28 Core/Startup/startup_stm32f103rbtx.o
 .debug_aranges
                0x0000000000000308       0xe0 Drivers/STM32F1xx_HAL_Driver/Src/stm32f1xx_hal.o
 .debug_aranges
                0x00000000000003e8       0xf0 Drivers/STM32F1xx_HAL_Driver/Src/stm32f1xx_hal_adc.o
 .debug_aranges
                0x00000000000004d8      0x100 Drivers/STM32F1xx_HAL_Driver/Src/stm32f1xx_hal_cortex.o
 .debug_aranges
                0x00000000000005d8       0x58 Drivers/STM32F1xx_HAL_Driver/Src/stm32f1xx_hal_gpio.o
 .debug_aranges
                0x0000000000000630      0x2a0 Drivers/STM32F1xx_HAL_Driver/Src/stm32f1xx_hal_i2c.o
 .debug_aranges
                0x00000000000008d0       0x90 Drivers/STM32F1xx_HAL_Driver/Src/stm32f1xx_hal_rcc.o
 .debug_aranges
                0x0000000000000960       0x30 Drivers/STM32F1xx_HAL_Driver/Src/stm32f1xx_hal_rcc_ex.o
 .debug_aranges
                0x0000000000000990      0x1d0 Drivers/STM32F1xx_HAL_Driver/Src/stm32f1xx_hal_uart.o

.debug_ranges   0x0000000000000000      0xa80
 .debug_ranges  0x0000000000000000       0x58 Core/Src/UserGeneral.o
 .debug_ranges  0x0000000000000058       0x40 Core/Src/main.o
 .debug_ranges  0x0000000000000098       0x80 Core/Src/mazeGame.o
 .debug_ranges  0x0000000000000118       0x30 Core/Src/mazeGameSelect.o
 .debug_ranges  0x0000000000000148       0x40 Core/Src/stm32f1xx_hal_msp.o
 .debug_ranges  0x0000000000000188       0x50 Core/Src/stm32f1xx_it.o
 .debug_ranges  0x00000000000001d8       0x18 Core/Src/system_stm32f1xx.o
 .debug_ranges  0x00000000000001f0       0x70 Core/Src/tennisGame.o
 .debug_ranges  0x0000000000000260       0x20 Core/Startup/startup_stm32f103rbtx.o
 .debug_ranges  0x0000000000000280       0xd0 Drivers/STM32F1xx_HAL_Driver/Src/stm32f1xx_hal.o
 .debug_ranges  0x0000000000000350       0xe0 Drivers/STM32F1xx_HAL_Driver/Src/stm32f1xx_hal_adc.o
 .debug_ranges  0x0000000000000430       0xf0 Drivers/STM32F1xx_HAL_Driver/Src/stm32f1xx_hal_cortex.o
 .debug_ranges  0x0000000000000520       0x48 Drivers/STM32F1xx_HAL_Driver/Src/stm32f1xx_hal_gpio.o
 .debug_ranges  0x0000000000000568      0x2b8 Drivers/STM32F1xx_HAL_Driver/Src/stm32f1xx_hal_i2c.o
 .debug_ranges  0x0000000000000820       0x80 Drivers/STM32F1xx_HAL_Driver/Src/stm32f1xx_hal_rcc.o
 .debug_ranges  0x00000000000008a0       0x20 Drivers/STM32F1xx_HAL_Driver/Src/stm32f1xx_hal_rcc_ex.o
 .debug_ranges  0x00000000000008c0      0x1c0 Drivers/STM32F1xx_HAL_Driver/Src/stm32f1xx_hal_uart.o

.debug_macro    0x0000000000000000    0x1802d
 .debug_macro   0x0000000000000000      0x1e9 Core/Src/UserGeneral.o
 .debug_macro   0x00000000000001e9      0xa5a Core/Src/UserGeneral.o
 .debug_macro   0x0000000000000c43      0x221 Core/Src/UserGeneral.o
 .debug_macro   0x0000000000000e64       0x2e Core/Src/UserGeneral.o
 .debug_macro   0x0000000000000e92       0x22 Core/Src/UserGeneral.o
 .debug_macro   0x0000000000000eb4       0x22 Core/Src/UserGeneral.o
 .debug_macro   0x0000000000000ed6       0x8e Core/Src/UserGeneral.o
 .debug_macro   0x0000000000000f64       0x51 Core/Src/UserGeneral.o
 .debug_macro   0x0000000000000fb5       0xef Core/Src/UserGeneral.o
 .debug_macro   0x00000000000010a4       0x6a Core/Src/UserGeneral.o
 .debug_macro   0x000000000000110e      0x1df Core/Src/UserGeneral.o
 .debug_macro   0x00000000000012ed       0x1c Core/Src/UserGeneral.o
 .debug_macro   0x0000000000001309       0x22 Core/Src/UserGeneral.o
 .debug_macro   0x000000000000132b       0xc3 Core/Src/UserGeneral.o
 .debug_macro   0x00000000000013ee      0xd23 Core/Src/UserGeneral.o
 .debug_macro   0x0000000000002111     0xe097 Core/Src/UserGeneral.o
 .debug_macro   0x00000000000101a8       0x43 Core/Src/UserGeneral.o
 .debug_macro   0x00000000000101eb     0x3468 Core/Src/UserGeneral.o
 .debug_macro   0x0000000000013653      0x174 Core/Src/UserGeneral.o
 .debug_macro   0x00000000000137c7       0x5c Core/Src/UserGeneral.o
 .debug_macro   0x0000000000013823      0x5be Core/Src/UserGeneral.o
 .debug_macro   0x0000000000013de1      0x289 Core/Src/UserGeneral.o
 .debug_macro   0x000000000001406a      0x1cb Core/Src/UserGeneral.o
 .debug_macro   0x0000000000014235      0x114 Core/Src/UserGeneral.o
 .debug_macro   0x0000000000014349      0x1b2 Core/Src/UserGeneral.o
 .debug_macro   0x00000000000144fb       0x27 Core/Src/UserGeneral.o
 .debug_macro   0x0000000000014522      0x136 Core/Src/UserGeneral.o
 .debug_macro   0x0000000000014658      0x1bc Core/Src/UserGeneral.o
 .debug_macro   0x0000000000014814       0x34 Core/Src/UserGeneral.o
 .debug_macro   0x0000000000014848       0x3c Core/Src/UserGeneral.o
 .debug_macro   0x0000000000014884       0x57 Core/Src/UserGeneral.o
 .debug_macro   0x00000000000148db      0x46a Core/Src/UserGeneral.o
 .debug_macro   0x0000000000014d45      0x1b5 Core/Src/UserGeneral.o
 .debug_macro   0x0000000000014efa       0x88 Core/Src/UserGeneral.o
 .debug_macro   0x0000000000014f82      0x241 Core/Src/UserGeneral.o
 .debug_macro   0x00000000000151c3      0x287 Core/Src/UserGeneral.o
 .debug_macro   0x000000000001544a      0x141 Core/Src/UserGeneral.o
 .debug_macro   0x000000000001558b      0x26b Core/Src/UserGeneral.o
 .debug_macro   0x00000000000157f6       0x83 Core/Src/UserGeneral.o
 .debug_macro   0x0000000000015879       0x34 Core/Src/UserGeneral.o
 .debug_macro   0x00000000000158ad      0x37f Core/Src/main.o
 .debug_macro   0x0000000000015c2c       0x46 Core/Src/main.o
 .debug_macro   0x0000000000015c72       0x18 Core/Src/main.o
 .debug_macro   0x0000000000015c8a       0x3c Core/Src/main.o
 .debug_macro   0x0000000000015cc6       0x34 Core/Src/main.o
 .debug_macro   0x0000000000015cfa       0x52 Core/Src/main.o
 .debug_macro   0x0000000000015d4c       0x1f Core/Src/main.o
 .debug_macro   0x0000000000015d6b       0x43 Core/Src/main.o
 .debug_macro   0x0000000000015dae       0x20 Core/Src/main.o
 .debug_macro   0x0000000000015dce      0x1a3 Core/Src/main.o
 .debug_macro   0x0000000000015f71      0x32a Core/Src/main.o
 .debug_macro   0x000000000001629b       0x10 Core/Src/main.o
 .debug_macro   0x00000000000162ab       0x35 Core/Src/main.o
 .debug_macro   0x00000000000162e0       0x20 Core/Src/main.o
 .debug_macro   0x0000000000016300       0x1c Core/Src/main.o
 .debug_macro   0x000000000001631c       0x10 Core/Src/main.o
 .debug_macro   0x000000000001632c       0x10 Core/Src/main.o
 .debug_macro   0x000000000001633c       0x1c Core/Src/main.o
 .debug_macro   0x0000000000016358       0x52 Core/Src/main.o
 .debug_macro   0x00000000000163aa       0x40 Core/Src/main.o
 .debug_macro   0x00000000000163ea       0x10 Core/Src/main.o
 .debug_macro   0x00000000000163fa       0x40 Core/Src/main.o
 .debug_macro   0x000000000001643a       0xd7 Core/Src/main.o
 .debug_macro   0x0000000000016511       0x1c Core/Src/main.o
 .debug_macro   0x000000000001652d       0x3d Core/Src/main.o
 .debug_macro   0x000000000001656a       0x16 Core/Src/main.o
 .debug_macro   0x0000000000016580      0x145 Core/Src/main.o
 .debug_macro   0x00000000000166c5       0x16 Core/Src/main.o
 .debug_macro   0x00000000000166db       0x16 Core/Src/main.o
 .debug_macro   0x00000000000166f1       0x29 Core/Src/main.o
 .debug_macro   0x000000000001671a      0x1d9 Core/Src/mazeGame.o
 .debug_macro   0x00000000000168f3      0x1d9 Core/Src/mazeGameSelect.o
 .debug_macro   0x0000000000016acc      0x1bb Core/Src/stm32f1xx_hal_msp.o
 .debug_macro   0x0000000000016c87      0x1c5 Core/Src/stm32f1xx_it.o
 .debug_macro   0x0000000000016e4c      0x1ac Core/Src/system_stm32f1xx.o
 .debug_macro   0x0000000000016ff8      0x1cf Core/Src/tennisGame.o
 .debug_macro   0x00000000000171c7      0x1d0 Drivers/STM32F1xx_HAL_Driver/Src/stm32f1xx_hal.o
 .debug_macro   0x0000000000017397      0x1c9 Drivers/STM32F1xx_HAL_Driver/Src/stm32f1xx_hal_adc.o
 .debug_macro   0x0000000000017560      0x1ac Drivers/STM32F1xx_HAL_Driver/Src/stm32f1xx_hal_cortex.o
 .debug_macro   0x000000000001770c      0x217 Drivers/STM32F1xx_HAL_Driver/Src/stm32f1xx_hal_gpio.o
 .debug_macro   0x0000000000017923      0x1f3 Drivers/STM32F1xx_HAL_Driver/Src/stm32f1xx_hal_i2c.o
 .debug_macro   0x0000000000017b16      0x1be Drivers/STM32F1xx_HAL_Driver/Src/stm32f1xx_hal_rcc.o
 .debug_macro   0x0000000000017cd4      0x1ac Drivers/STM32F1xx_HAL_Driver/Src/stm32f1xx_hal_rcc_ex.o
 .debug_macro   0x0000000000017e80      0x1ad Drivers/STM32F1xx_HAL_Driver/Src/stm32f1xx_hal_uart.o

.debug_line     0x0000000000000000     0xa63d
 .debug_line    0x0000000000000000      0x881 Core/Src/UserGeneral.o
 .debug_line    0x0000000000000881      0x98d Core/Src/main.o
 .debug_line    0x000000000000120e      0xb41 Core/Src/mazeGame.o
 .debug_line    0x0000000000001d4f      0x7b4 Core/Src/mazeGameSelect.o
 .debug_line    0x0000000000002503      0x719 Core/Src/stm32f1xx_hal_msp.o
 .debug_line    0x0000000000002c1c      0x733 Core/Src/stm32f1xx_it.o
 .debug_line    0x000000000000334f      0x6b6 Core/Src/system_stm32f1xx.o
 .debug_line    0x0000000000003a05      0x9c6 Core/Src/tennisGame.o
 .debug_line    0x00000000000043cb       0x84 Core/Startup/startup_stm32f103rbtx.o
 .debug_line    0x000000000000444f      0x869 Drivers/STM32F1xx_HAL_Driver/Src/stm32f1xx_hal.o
 .debug_line    0x0000000000004cb8      0xbba Drivers/STM32F1xx_HAL_Driver/Src/stm32f1xx_hal_adc.o
 .debug_line    0x0000000000005872      0x940 Drivers/STM32F1xx_HAL_Driver/Src/stm32f1xx_hal_cortex.o
 .debug_line    0x00000000000061b2      0x865 Drivers/STM32F1xx_HAL_Driver/Src/stm32f1xx_hal_gpio.o
 .debug_line    0x0000000000006a17     0x1c0f Drivers/STM32F1xx_HAL_Driver/Src/stm32f1xx_hal_i2c.o
 .debug_line    0x0000000000008626      0x929 Drivers/STM32F1xx_HAL_Driver/Src/stm32f1xx_hal_rcc.o
 .debug_line    0x0000000000008f4f      0x747 Drivers/STM32F1xx_HAL_Driver/Src/stm32f1xx_hal_rcc_ex.o
 .debug_line    0x0000000000009696      0xfa7 Drivers/STM32F1xx_HAL_Driver/Src/stm32f1xx_hal_uart.o

.debug_str      0x0000000000000000    0x898d8
 .debug_str     0x0000000000000000    0x82d14 Core/Src/UserGeneral.o
                                      0x83146 (size before relaxing)
 .debug_str     0x0000000000082d14     0x4452 Core/Src/main.o
                                      0x87302 (size before relaxing)
 .debug_str     0x0000000000087166      0x184 Core/Src/mazeGame.o
                                      0x83116 (size before relaxing)
 .debug_str     0x00000000000872ea       0x64 Core/Src/mazeGameSelect.o
                                      0x82ccc (size before relaxing)
 .debug_str     0x000000000008734e       0xd2 Core/Src/stm32f1xx_hal_msp.o
                                      0x82e98 (size before relaxing)
 .debug_str     0x0000000000087420       0xbd Core/Src/stm32f1xx_it.o
                                      0x826c1 (size before relaxing)
 .debug_str     0x00000000000874dd       0x52 Core/Src/system_stm32f1xx.o
                                      0x825d5 (size before relaxing)
 .debug_str     0x000000000008752f      0x147 Core/Src/tennisGame.o
                                      0x830a7 (size before relaxing)
 .debug_str     0x0000000000087676       0x36 Core/Startup/startup_stm32f103rbtx.o
                                         0x58 (size before relaxing)
 .debug_str     0x00000000000876ac      0x556 Drivers/STM32F1xx_HAL_Driver/Src/stm32f1xx_hal.o
                                      0x82c66 (size before relaxing)
 .debug_str     0x0000000000087c02      0x35c Drivers/STM32F1xx_HAL_Driver/Src/stm32f1xx_hal_adc.o
                                      0x82c65 (size before relaxing)
 .debug_str     0x0000000000087f5e      0x2eb Drivers/STM32F1xx_HAL_Driver/Src/stm32f1xx_hal_cortex.o
                                      0x82c6e (size before relaxing)
 .debug_str     0x0000000000088249      0x324 Drivers/STM32F1xx_HAL_Driver/Src/stm32f1xx_hal_gpio.o
                                      0x82999 (size before relaxing)
 .debug_str     0x000000000008856d      0xb4a Drivers/STM32F1xx_HAL_Driver/Src/stm32f1xx_hal_i2c.o
                                      0x83611 (size before relaxing)
 .debug_str     0x00000000000890b7      0x244 Drivers/STM32F1xx_HAL_Driver/Src/stm32f1xx_hal_rcc.o
                                      0x829d2 (size before relaxing)
 .debug_str     0x00000000000892fb       0xb9 Drivers/STM32F1xx_HAL_Driver/Src/stm32f1xx_hal_rcc_ex.o
                                      0x8275f (size before relaxing)
 .debug_str     0x00000000000893b4      0x524 Drivers/STM32F1xx_HAL_Driver/Src/stm32f1xx_hal_uart.o
                                      0x82ed8 (size before relaxing)

.comment        0x0000000000000000       0x7b
 .comment       0x0000000000000000       0x7b Core/Src/UserGeneral.o
                                         0x7c (size before relaxing)
 .comment       0x000000000000007b       0x7c Core/Src/main.o
 .comment       0x000000000000007b       0x7c Core/Src/mazeGame.o
 .comment       0x000000000000007b       0x7c Core/Src/mazeGameSelect.o
 .comment       0x000000000000007b       0x7c Core/Src/stm32f1xx_hal_msp.o
 .comment       0x000000000000007b       0x7c Core/Src/stm32f1xx_it.o
 .comment       0x000000000000007b       0x7c Core/Src/system_stm32f1xx.o
 .comment       0x000000000000007b       0x7c Core/Src/tennisGame.o
 .comment       0x000000000000007b       0x7c Drivers/STM32F1xx_HAL_Driver/Src/stm32f1xx_hal.o
 .comment       0x000000000000007b       0x7c Drivers/STM32F1xx_HAL_Driver/Src/stm32f1xx_hal_adc.o
 .comment       0x000000000000007b       0x7c Drivers/STM32F1xx_HAL_Driver/Src/stm32f1xx_hal_cortex.o
 .comment       0x000000000000007b       0x7c Drivers/STM32F1xx_HAL_Driver/Src/stm32f1xx_hal_gpio.o
 .comment       0x000000000000007b       0x7c Drivers/STM32F1xx_HAL_Driver/Src/stm32f1xx_hal_i2c.o
 .comment       0x000000000000007b       0x7c Drivers/STM32F1xx_HAL_Driver/Src/stm32f1xx_hal_rcc.o
 .comment       0x000000000000007b       0x7c Drivers/STM32F1xx_HAL_Driver/Src/stm32f1xx_hal_rcc_ex.o
 .comment       0x000000000000007b       0x7c Drivers/STM32F1xx_HAL_Driver/Src/stm32f1xx_hal_uart.o

.debug_frame    0x0000000000000000     0x2d20
 .debug_frame   0x0000000000000000      0x144 Core/Src/UserGeneral.o
 .debug_frame   0x0000000000000144       0xf4 Core/Src/main.o
 .debug_frame   0x0000000000000238      0x1f8 Core/Src/mazeGame.o
 .debug_frame   0x0000000000000430       0x9c Core/Src/mazeGameSelect.o
 .debug_frame   0x00000000000004cc      0x110 Core/Src/stm32f1xx_hal_msp.o
 .debug_frame   0x00000000000005dc      0x10c Core/Src/stm32f1xx_it.o
 .debug_frame   0x00000000000006e8       0x58 Core/Src/system_stm32f1xx.o
 .debug_frame   0x0000000000000740      0x1b8 Core/Src/tennisGame.o
 .debug_frame   0x00000000000008f8      0x334 Drivers/STM32F1xx_HAL_Driver/Src/stm32f1xx_hal.o
 .debug_frame   0x0000000000000c2c      0x40c Drivers/STM32F1xx_HAL_Driver/Src/stm32f1xx_hal_adc.o
 .debug_frame   0x0000000000001038      0x428 Drivers/STM32F1xx_HAL_Driver/Src/stm32f1xx_hal_cortex.o
 .debug_frame   0x0000000000001460      0x14c Drivers/STM32F1xx_HAL_Driver/Src/stm32f1xx_hal_gpio.o
 .debug_frame   0x00000000000015ac      0xc54 Drivers/STM32F1xx_HAL_Driver/Src/stm32f1xx_hal_i2c.o
 .debug_frame   0x0000000000002200      0x21c Drivers/STM32F1xx_HAL_Driver/Src/stm32f1xx_hal_rcc.o
 .debug_frame   0x000000000000241c       0x84 Drivers/STM32F1xx_HAL_Driver/Src/stm32f1xx_hal_rcc_ex.o
 .debug_frame   0x00000000000024a0      0x834 Drivers/STM32F1xx_HAL_Driver/Src/stm32f1xx_hal_uart.o
 .debug_frame   0x0000000000002cd4       0x2c c:/st/stm32cubeide_1.3.0/stm32cubeide/plugins/com.st.stm32cube.ide.mcu.externaltools.gnu-tools-for-stm32.7-2018-q2-update.win32_1.0.0.201904181610/tools/bin/../lib/gcc/arm-none-eabi/7.3.1/../../../../arm-none-eabi/lib/thumb/v7-m\libc_nano.a(lib_a-init.o)
 .debug_frame   0x0000000000002d00       0x20 c:/st/stm32cubeide_1.3.0/stm32cubeide/plugins/com.st.stm32cube.ide.mcu.externaltools.gnu-tools-for-stm32.7-2018-q2-update.win32_1.0.0.201904181610/tools/bin/../lib/gcc/arm-none-eabi/7.3.1/../../../../arm-none-eabi/lib/thumb/v7-m\libc_nano.a(lib_a-memset.o)
