tennisGame.c:108:6:tennisGameLoop	8	static
tennisGame.c:148:6:MoveBatIMU	16	static
tennisGame.c:175:6:moveBat	4	static
tennisGame.c:198:6:updateBallSpeed	4	static
tennisGame.c:239:6:sendTennisUART	24	static
tennisGame.c:280:6:checkBounds	4	static
tennisGame.c:367:6:resetElementsCourt	16	static
tennisGame.c:379:6:updateCourt	8	static
tennisGame.c:384:6:initilize	4	static
tennisGame.c:403:6:updateBallPosition	4	static
tennisGame.c:455:6:sampleSlider	8	static
tennisGame.c:495:6:colomnScanCourt	8	static
tennisGame.c:617:6:writeCourtToArray	16	static
